// Jest Snapshot v1, https://goo.gl/fbAQLP

exports[`Custom snapshot renders 1`] = `
<div>
  asf
</div>
`;
