// Jest Snapshot v1, https://goo.gl/fbAQLP

exports[`expect to render MainPage withot crashing 1`] = `ShallowWrapper {}`;
